[1/184] Building CXX object ggml/src/CMakeFiles/ggml-base.dir/ggml.cpp.o
[2/184] Building C object ggml/src/CMakeFiles/ggml-base.dir/ggml-alloc.c.o
[3/184] Building CXX object ggml/src/CMakeFiles/ggml-base.dir/ggml-backend.cpp.o
[4/184] Building CXX object ggml/src/CMakeFiles/ggml-base.dir/ggml-opt.cpp.o
[5/184] Building CXX object ggml/src/CMakeFiles/ggml-base.dir/ggml-threading.cpp.o
[6/184] Building C object ggml/src/CMakeFiles/ggml-base.dir/ggml.c.o
[7/184] Building CXX object ggml/src/CMakeFiles/ggml.dir/ggml-backend-dl.cpp.o
[8/184] Building CXX object ggml/src/CMakeFiles/ggml.dir/ggml-backend-reg.cpp.o
[9/184] Building CXX object ggml/src/CMakeFiles/ggml-base.dir/ggml-backend-meta.cpp.o
[10/184] Building C object ggml/src/CMakeFiles/ggml-cpu.dir/ggml-cpu/ggml-cpu.c.o
[11/184] Building CXX object ggml/src/CMakeFiles/ggml-cpu.dir/ggml-cpu/ggml-cpu.cpp.o
[12/184] Building CXX object ggml/src/CMakeFiles/ggml-base.dir/gguf.cpp.o
[13/184] Building CXX object ggml/src/CMakeFiles/ggml-cpu.dir/ggml-cpu/hbm.cpp.o
[14/184] Building CXX object ggml/src/CMakeFiles/ggml-cpu.dir/ggml-cpu/iqp.cpp.o
[15/184] Building C object ggml/src/CMakeFiles/ggml-cpu.dir/ggml-cpu/quants.c.o
[16/184] Building CXX object ggml/src/CMakeFiles/ggml-cpu.dir/ggml-cpu/traits.cpp.o
[17/184] Building CXX object ggml/src/CMakeFiles/ggml-cpu.dir/ggml-cpu/amx/amx.cpp.o
[18/184] Building C object ggml/src/CMakeFiles/ggml-base.dir/ggml-quants.c.o
[19/184] Linking CXX shared library bin/libggml-base.so.0.23.0
[20/184] Creating library symlink bin/libggml-base.so.0 bin/libggml-base.so
[21/184] Building CXX object ggml/src/CMakeFiles/ggml-cpu.dir/ggml-cpu/amx/mmq.cpp.o
[22/184] Building CXX object ggml/src/CMakeFiles/ggml-cpu.dir/ggml-cpu/vec.cpp.o
[23/184] Building CXX object ggml/src/CMakeFiles/ggml-cpu.dir/ggml-cpu/binary-ops.cpp.o
[24/184] Building CXX object ggml/src/CMakeFiles/ggml-cpu.dir/ggml-cpu/unary-ops.cpp.o
[25/184] Building CXX object ggml/src/CMakeFiles/ggml-cpu.dir/ggml-cpu/repack.cpp.o
[26/184] Building C object ggml/src/CMakeFiles/ggml-cpu.dir/ggml-cpu/arch/x86/quants.c.o
[27/184] Building CXX object ggml/src/CMakeFiles/ggml-cpu.dir/ggml-cpu/llamafile/sgemm.cpp.o
[28/184] Building CXX object ggml/src/CMakeFiles/ggml-cpu.dir/ggml-cpu/arch/x86/repack.cpp.o
[29/184] Building CUDA object ggml/src/ggml-cuda/CMakeFiles/ggml-cuda.dir/acc.cu.o
[30/184] Building CUDA object ggml/src/ggml-cuda/CMakeFiles/ggml-cuda.dir/add-id.cu.o
[31/184] Building CXX object ggml/src/CMakeFiles/ggml-cpu.dir/ggml-cpu/ops.cpp.o
[32/184] Linking CXX shared library bin/libggml-cpu.so.0.23.0
[33/184] Creating library symlink bin/libggml-cpu.so.0 bin/libggml-cpu.so
[34/184] Building CUDA object ggml/src/ggml-cuda/CMakeFiles/ggml-cuda.dir/allreduce.cu.o
[35/184] Building CUDA object ggml/src/ggml-cuda/CMakeFiles/ggml-cuda.dir/arange.cu.o
[36/184] Building CUDA object ggml/src/ggml-cuda/CMakeFiles/ggml-cuda.dir/argmax.cu.o
[37/184] Building CUDA object ggml/src/ggml-cuda/CMakeFiles/ggml-cuda.dir/clamp.cu.o
[38/184] Building CUDA object ggml/src/ggml-cuda/CMakeFiles/ggml-cuda.dir/col2im-1d.cu.o
[39/184] Building CUDA object ggml/src/ggml-cuda/CMakeFiles/ggml-cuda.dir/conv-transpose-1d.cu.o
[40/184] Building CUDA object ggml/src/ggml-cuda/CMakeFiles/ggml-cuda.dir/concat.cu.o
[41/184] Building CUDA object ggml/src/ggml-cuda/CMakeFiles/ggml-cuda.dir/conv2d-dw.cu.o
[42/184] Building CUDA object ggml/src/ggml-cuda/CMakeFiles/ggml-cuda.dir/conv2d-transpose.cu.o
[43/184] Building CUDA object ggml/src/ggml-cuda/CMakeFiles/ggml-cuda.dir/conv2d.cu.o
[44/184] Building CUDA object ggml/src/ggml-cuda/CMakeFiles/ggml-cuda.dir/convert.cu.o
[45/184] Building CUDA object ggml/src/ggml-cuda/CMakeFiles/ggml-cuda.dir/count-equal.cu.o
[46/184] Building CUDA object ggml/src/ggml-cuda/CMakeFiles/ggml-cuda.dir/binbcast.cu.o
[47/184] Building CUDA object ggml/src/ggml-cuda/CMakeFiles/ggml-cuda.dir/cross-entropy-loss.cu.o
[48/184] Building CUDA object ggml/src/ggml-cuda/CMakeFiles/ggml-cuda.dir/cpy.cu.o
[49/184] Building CUDA object ggml/src/ggml-cuda/CMakeFiles/ggml-cuda.dir/diag.cu.o
[50/184] Building CUDA object ggml/src/ggml-cuda/CMakeFiles/ggml-cuda.dir/diagmask.cu.o
[51/184] Building CUDA object ggml/src/ggml-cuda/CMakeFiles/ggml-cuda.dir/dsv4-hc.cu.o
[52/184] Building CUDA object ggml/src/ggml-cuda/CMakeFiles/ggml-cuda.dir/argsort.cu.o
[53/184] Building CUDA object ggml/src/ggml-cuda/CMakeFiles/ggml-cuda.dir/fattn-tile.cu.o
[54/184] Building CUDA object ggml/src/ggml-cuda/CMakeFiles/ggml-cuda.dir/cumsum.cu.o
[55/184] Building CUDA object ggml/src/ggml-cuda/CMakeFiles/ggml-cuda.dir/fill.cu.o
[56/184] Building CUDA object ggml/src/ggml-cuda/CMakeFiles/ggml-cuda.dir/fwht.cu.o
[57/184] Building CUDA object ggml/src/ggml-cuda/CMakeFiles/ggml-cuda.dir/gated_delta_net.cu.o
[58/184] Building CUDA object ggml/src/ggml-cuda/CMakeFiles/ggml-cuda.dir/gla.cu.o
[59/184] Building CUDA object ggml/src/ggml-cuda/CMakeFiles/ggml-cuda.dir/getrows.cu.o
[60/184] Building CUDA object ggml/src/ggml-cuda/CMakeFiles/ggml-cuda.dir/ggml-cuda.cu.o
[61/184] Building CUDA object ggml/src/ggml-cuda/CMakeFiles/ggml-cuda.dir/im2col.cu.o
[62/184] Building CUDA object ggml/src/ggml-cuda/CMakeFiles/ggml-cuda.dir/mmf.cu.o
[63/184] Building CUDA object ggml/src/ggml-cuda/CMakeFiles/ggml-cuda.dir/lightning-indexer.cu.o
[64/184] Building CUDA object ggml/src/ggml-cuda/CMakeFiles/ggml-cuda.dir/mmid.cu.o
[65/184] Building CUDA object ggml/src/ggml-cuda/CMakeFiles/ggml-cuda.dir/fattn.cu.o
[66/184] Building CUDA object ggml/src/ggml-cuda/CMakeFiles/ggml-cuda.dir/mean.cu.o
[67/184] Building CUDA object ggml/src/ggml-cuda/CMakeFiles/ggml-cuda.dir/mmq.cu.o
[68/184] Building CUDA object ggml/src/ggml-cuda/CMakeFiles/ggml-cuda.dir/moe-weighted-reduction.cu.o
[69/184] Building CUDA object ggml/src/ggml-cuda/CMakeFiles/ggml-cuda.dir/opt-step-adamw.cu.o
[70/184] Building CUDA object ggml/src/ggml-cuda/CMakeFiles/ggml-cuda.dir/norm.cu.o
[71/184] Building CUDA object ggml/src/ggml-cuda/CMakeFiles/ggml-cuda.dir/opt-step-sgd.cu.o
[72/184] Building CUDA object ggml/src/ggml-cuda/CMakeFiles/ggml-cuda.dir/out-prod.cu.o
[73/184] Building CUDA object ggml/src/ggml-cuda/CMakeFiles/ggml-cuda.dir/pad.cu.o
[74/184] Building CUDA object ggml/src/ggml-cuda/CMakeFiles/ggml-cuda.dir/pad_reflect_1d.cu.o
[75/184] Building CUDA object ggml/src/ggml-cuda/CMakeFiles/ggml-cuda.dir/pool1d.cu.o
[76/184] Building CUDA object ggml/src/ggml-cuda/CMakeFiles/ggml-cuda.dir/pool2d.cu.o
[77/184] Building CUDA object ggml/src/ggml-cuda/CMakeFiles/ggml-cuda.dir/roll.cu.o
[78/184] Building CUDA object ggml/src/ggml-cuda/CMakeFiles/ggml-cuda.dir/quantize.cu.o
[79/184] Building CUDA object ggml/src/ggml-cuda/CMakeFiles/ggml-cuda.dir/scale.cu.o
[80/184] Building CUDA object ggml/src/ggml-cuda/CMakeFiles/ggml-cuda.dir/rope.cu.o
[81/184] Building CUDA object ggml/src/ggml-cuda/CMakeFiles/ggml-cuda.dir/set-rows.cu.o
[82/184] Building CUDA object ggml/src/ggml-cuda/CMakeFiles/ggml-cuda.dir/set.cu.o
[83/184] Building CUDA object ggml/src/ggml-cuda/CMakeFiles/ggml-cuda.dir/snake.cu.o
[84/184] Building CUDA object ggml/src/ggml-cuda/CMakeFiles/ggml-cuda.dir/softcap.cu.o
[85/184] Building CUDA object ggml/src/ggml-cuda/CMakeFiles/ggml-cuda.dir/mmvf.cu.o
[86/184] Building CUDA object ggml/src/ggml-cuda/CMakeFiles/ggml-cuda.dir/softmax.cu.o
[87/184] Building CUDA object ggml/src/ggml-cuda/CMakeFiles/ggml-cuda.dir/solve_tri.cu.o
[88/184] Building CUDA object ggml/src/ggml-cuda/CMakeFiles/ggml-cuda.dir/ssm-conv.cu.o
[89/184] Building CUDA object ggml/src/ggml-cuda/CMakeFiles/ggml-cuda.dir/sumrows.cu.o
[90/184] Building CUDA object ggml/src/ggml-cuda/CMakeFiles/ggml-cuda.dir/mmvq.cu.o
[91/184] Building CUDA object ggml/src/ggml-cuda/CMakeFiles/ggml-cuda.dir/sum.cu.o
[92/184] Building CUDA object ggml/src/ggml-cuda/CMakeFiles/ggml-cuda.dir/ssm-scan.cu.o
[93/184] Building CUDA object ggml/src/ggml-cuda/CMakeFiles/ggml-cuda.dir/top-k.cu.o
[94/184] Building CUDA object ggml/src/ggml-cuda/CMakeFiles/ggml-cuda.dir/tri.cu.o
[95/184] Building CUDA object ggml/src/ggml-cuda/CMakeFiles/ggml-cuda.dir/topk-moe.cu.o
[96/184] Building CUDA object ggml/src/ggml-cuda/CMakeFiles/ggml-cuda.dir/tsembd.cu.o
[97/184] Building CUDA object ggml/src/ggml-cuda/CMakeFiles/ggml-cuda.dir/upscale.cu.o
[98/184] Building CUDA object ggml/src/ggml-cuda/CMakeFiles/ggml-cuda.dir/unary.cu.o
[99/184] Building CUDA object ggml/src/ggml-cuda/CMakeFiles/ggml-cuda.dir/wkv.cu.o
[100/184] Building CUDA object ggml/src/ggml-cuda/CMakeFiles/ggml-cuda.dir/template-instances/fattn-tile-instance-dkq192-dv128.cu.o
[101/184] Building CUDA object ggml/src/ggml-cuda/CMakeFiles/ggml-cuda.dir/template-instances/fattn-tile-instance-dkq112-dv112.cu.o
[102/184] Building CUDA object ggml/src/ggml-cuda/CMakeFiles/ggml-cuda.dir/template-instances/fattn-tile-instance-dkq320-dv256.cu.o
[103/184] Building CUDA object ggml/src/ggml-cuda/CMakeFiles/ggml-cuda.dir/template-instances/fattn-tile-instance-dkq128-dv128.cu.o
[104/184] Building CUDA object ggml/src/ggml-cuda/CMakeFiles/ggml-cuda.dir/template-instances/fattn-tile-instance-dkq40-dv40.cu.o
[105/184] Building CUDA object ggml/src/ggml-cuda/CMakeFiles/ggml-cuda.dir/template-instances/fattn-tile-instance-dkq64-dv64.cu.o
[106/184] Building CUDA object ggml/src/ggml-cuda/CMakeFiles/ggml-cuda.dir/template-instances/fattn-tile-instance-dkq576-dv512.cu.o
[107/184] Building CUDA object ggml/src/ggml-cuda/CMakeFiles/ggml-cuda.dir/template-instances/fattn-tile-instance-dkq256-dv256.cu.o
[108/184] Building CUDA object ggml/src/ggml-cuda/CMakeFiles/ggml-cuda.dir/template-instances/fattn-tile-instance-dkq512-dv512.cu.o
[109/184] Building CUDA object ggml/src/ggml-cuda/CMakeFiles/ggml-cuda.dir/template-instances/fattn-tile-instance-dkq72-dv72.cu.o
[110/184] Building CUDA object ggml/src/ggml-cuda/CMakeFiles/ggml-cuda.dir/template-instances/fattn-tile-instance-dkq80-dv80.cu.o
[111/184] Building CUDA object ggml/src/ggml-cuda/CMakeFiles/ggml-cuda.dir/template-instances/fattn-tile-instance-dkq96-dv96.cu.o
[112/184] Building CUDA object ggml/src/ggml-cuda/CMakeFiles/ggml-cuda.dir/template-instances/fattn-mma-f16-instance-ncols1_1-ncols2_16.cu.o
[113/184] Building CUDA object ggml/src/ggml-cuda/CMakeFiles/ggml-cuda.dir/template-instances/fattn-mma-f16-instance-ncols1_1-ncols2_32.cu.o
[114/184] Building CUDA object ggml/src/ggml-cuda/CMakeFiles/ggml-cuda.dir/template-instances/fattn-mma-f16-instance-ncols1_1-ncols2_8.cu.o
[115/184] Building CUDA object ggml/src/ggml-cuda/CMakeFiles/ggml-cuda.dir/template-instances/fattn-mma-f16-instance-ncols1_16-ncols2_2.cu.o
[116/184] Building CUDA object ggml/src/ggml-cuda/CMakeFiles/ggml-cuda.dir/template-instances/fattn-mma-f16-instance-ncols1_16-ncols2_1.cu.o
[117/184] Building CUDA object ggml/src/ggml-cuda/CMakeFiles/ggml-cuda.dir/template-instances/fattn-mma-f16-instance-ncols1_2-ncols2_16.cu.o
[118/184] Building CUDA object ggml/src/ggml-cuda/CMakeFiles/ggml-cuda.dir/template-instances/fattn-mma-f16-instance-ncols1_2-ncols2_32.cu.o
[119/184] Building CUDA object ggml/src/ggml-cuda/CMakeFiles/ggml-cuda.dir/template-instances/fattn-mma-f16-instance-ncols1_16-ncols2_4.cu.o
[120/184] Building CUDA object ggml/src/ggml-cuda/CMakeFiles/ggml-cuda.dir/template-instances/fattn-mma-f16-instance-ncols1_2-ncols2_4.cu.o
[121/184] Building CUDA object ggml/src/ggml-cuda/CMakeFiles/ggml-cuda.dir/template-instances/fattn-mma-f16-instance-ncols1_2-ncols2_8.cu.o
[122/184] Building CUDA object ggml/src/ggml-cuda/CMakeFiles/ggml-cuda.dir/template-instances/fattn-mma-f16-instance-ncols1_4-ncols2_16.cu.o
[123/184] Building CUDA object ggml/src/ggml-cuda/CMakeFiles/ggml-cuda.dir/template-instances/fattn-mma-f16-instance-ncols1_32-ncols2_1.cu.o
[124/184] Building CUDA object ggml/src/ggml-cuda/CMakeFiles/ggml-cuda.dir/template-instances/fattn-mma-f16-instance-ncols1_32-ncols2_2.cu.o
[125/184] Building CUDA object ggml/src/ggml-cuda/CMakeFiles/ggml-cuda.dir/template-instances/fattn-mma-f16-instance-ncols1_4-ncols2_2.cu.o
[126/184] Building CUDA object ggml/src/ggml-cuda/CMakeFiles/ggml-cuda.dir/template-instances/fattn-mma-f16-instance-ncols1_4-ncols2_8.cu.o
[127/184] Building CUDA object ggml/src/ggml-cuda/CMakeFiles/ggml-cuda.dir/template-instances/fattn-mma-f16-instance-ncols1_4-ncols2_4.cu.o
[128/184] Building CUDA object ggml/src/ggml-cuda/CMakeFiles/ggml-cuda.dir/template-instances/fattn-mma-f16-instance-ncols1_64-ncols2_1.cu.o
[129/184] Building CUDA object ggml/src/ggml-cuda/CMakeFiles/ggml-cuda.dir/template-instances/fattn-mma-f16-instance-ncols1_8-ncols2_2.cu.o
[130/184] Building CUDA object ggml/src/ggml-cuda/CMakeFiles/ggml-cuda.dir/template-instances/fattn-mma-f16-instance-ncols1_8-ncols2_1.cu.o
[131/184] Building CUDA object ggml/src/ggml-cuda/CMakeFiles/ggml-cuda.dir/template-instances/fattn-mma-f16-instance-ncols1_8-ncols2_4.cu.o
[132/184] Building CUDA object ggml/src/ggml-cuda/CMakeFiles/ggml-cuda.dir/template-instances/fattn-mma-f16-instance-ncols1_8-ncols2_8.cu.o
[133/184] Building CUDA object ggml/src/ggml-cuda/CMakeFiles/ggml-cuda.dir/template-instances/mmq-instance-iq1_s.cu.o
[134/184] Building CUDA object ggml/src/ggml-cuda/CMakeFiles/ggml-cuda.dir/template-instances/mmq-instance-iq2_s.cu.o
[135/184] Building CUDA object ggml/src/ggml-cuda/CMakeFiles/ggml-cuda.dir/template-instances/mmq-instance-iq2_xs.cu.o
[136/184] Building CUDA object ggml/src/ggml-cuda/CMakeFiles/ggml-cuda.dir/template-instances/mmq-instance-iq2_xxs.cu.o
[137/184] Building CUDA object ggml/src/ggml-cuda/CMakeFiles/ggml-cuda.dir/template-instances/mmq-instance-iq3_s.cu.o
[138/184] Building CUDA object ggml/src/ggml-cuda/CMakeFiles/ggml-cuda.dir/template-instances/mmq-instance-iq3_xxs.cu.o
[139/184] Building CUDA object ggml/src/ggml-cuda/CMakeFiles/ggml-cuda.dir/template-instances/mmq-instance-iq4_nl.cu.o
[140/184] Building CUDA object ggml/src/ggml-cuda/CMakeFiles/ggml-cuda.dir/template-instances/mmq-instance-iq4_xs.cu.o
[141/184] Building CUDA object ggml/src/ggml-cuda/CMakeFiles/ggml-cuda.dir/template-instances/mmq-instance-mxfp4.cu.o
[142/184] Building CUDA object ggml/src/ggml-cuda/CMakeFiles/ggml-cuda.dir/template-instances/mmq-instance-q1_0.cu.o
[143/184] Building CUDA object ggml/src/ggml-cuda/CMakeFiles/ggml-cuda.dir/template-instances/mmq-instance-nvfp4.cu.o
[144/184] Building CUDA object ggml/src/ggml-cuda/CMakeFiles/ggml-cuda.dir/template-instances/mmq-instance-q2_0.cu.o
[145/184] Building CUDA object ggml/src/ggml-cuda/CMakeFiles/ggml-cuda.dir/template-instances/mmq-instance-q4_0.cu.o
[146/184] Building CUDA object ggml/src/ggml-cuda/CMakeFiles/ggml-cuda.dir/template-instances/mmq-instance-q3_k.cu.o
[147/184] Building CUDA object ggml/src/ggml-cuda/CMakeFiles/ggml-cuda.dir/template-instances/mmq-instance-q2_k.cu.o
[148/184] Building CUDA object ggml/src/ggml-cuda/CMakeFiles/ggml-cuda.dir/template-instances/mmq-instance-q4_1.cu.o
[149/184] Building CUDA object ggml/src/ggml-cuda/CMakeFiles/ggml-cuda.dir/template-instances/mmq-instance-q4_k.cu.o
[150/184] Building CUDA object ggml/src/ggml-cuda/CMakeFiles/ggml-cuda.dir/template-instances/mmq-instance-q5_0.cu.o
[151/184] Building CUDA object ggml/src/ggml-cuda/CMakeFiles/ggml-cuda.dir/template-instances/mmq-instance-q5_1.cu.o
[152/184] Building CUDA object ggml/src/ggml-cuda/CMakeFiles/ggml-cuda.dir/template-instances/mmq-instance-q5_k.cu.o
[153/184] Building CUDA object ggml/src/ggml-cuda/CMakeFiles/ggml-cuda.dir/template-instances/mmf-instance-ncols_1.cu.o
[154/184] Building CUDA object ggml/src/ggml-cuda/CMakeFiles/ggml-cuda.dir/template-instances/mmq-instance-q8_0.cu.o
[155/184] Building CUDA object ggml/src/ggml-cuda/CMakeFiles/ggml-cuda.dir/template-instances/mmf-instance-ncols_10.cu.o
[156/184] Building CUDA object ggml/src/ggml-cuda/CMakeFiles/ggml-cuda.dir/template-instances/mmq-instance-q6_k.cu.o
[157/184] Building CUDA object ggml/src/ggml-cuda/CMakeFiles/ggml-cuda.dir/template-instances/mmf-instance-ncols_11.cu.o
[158/184] Building CUDA object ggml/src/ggml-cuda/CMakeFiles/ggml-cuda.dir/template-instances/mmf-instance-ncols_12.cu.o
[159/184] Building CUDA object ggml/src/ggml-cuda/CMakeFiles/ggml-cuda.dir/template-instances/mmf-instance-ncols_13.cu.o
[160/184] Building CUDA object ggml/src/ggml-cuda/CMakeFiles/ggml-cuda.dir/template-instances/mmf-instance-ncols_14.cu.o
[161/184] Building CUDA object ggml/src/ggml-cuda/CMakeFiles/ggml-cuda.dir/template-instances/mmf-instance-ncols_15.cu.o
[162/184] Building CUDA object ggml/src/ggml-cuda/CMakeFiles/ggml-cuda.dir/template-instances/mmf-instance-ncols_2.cu.o
[163/184] Building CUDA object ggml/src/ggml-cuda/CMakeFiles/ggml-cuda.dir/template-instances/mmf-instance-ncols_16.cu.o
[164/184] Building CUDA object ggml/src/ggml-cuda/CMakeFiles/ggml-cuda.dir/template-instances/mmf-instance-ncols_3.cu.o
[165/184] Building CUDA object ggml/src/ggml-cuda/CMakeFiles/ggml-cuda.dir/template-instances/mmf-instance-ncols_4.cu.o
[166/184] Building CUDA object ggml/src/ggml-cuda/CMakeFiles/ggml-cuda.dir/template-instances/mmf-instance-ncols_5.cu.o
[167/184] Building CUDA object ggml/src/ggml-cuda/CMakeFiles/ggml-cuda.dir/template-instances/mmf-instance-ncols_6.cu.o
[168/184] Building CUDA object ggml/src/ggml-cuda/CMakeFiles/ggml-cuda.dir/template-instances/mmf-instance-ncols_7.cu.o
[169/184] Building CUDA object ggml/src/ggml-cuda/CMakeFiles/ggml-cuda.dir/template-instances/mmf-instance-ncols_8.cu.o
[170/184] Building CUDA object ggml/src/ggml-cuda/CMakeFiles/ggml-cuda.dir/template-instances/fattn-vec-instance-f16-f16.cu.o
[171/184] Building CUDA object ggml/src/ggml-cuda/CMakeFiles/ggml-cuda.dir/template-instances/mmf-instance-ncols_9.cu.o
[172/184] Building CUDA object ggml/src/ggml-cuda/CMakeFiles/ggml-cuda.dir/template-instances/fattn-vec-instance-q8_0-q8_0.cu.o
[173/184] Building CXX object ggml/src/ggml-rpc/CMakeFiles/ggml-rpc.dir/transport.cpp.o
[174/184] Building CUDA object ggml/src/ggml-cuda/CMakeFiles/ggml-cuda.dir/template-instances/fattn-vec-instance-q4_0-q4_0.cu.o
[175/184] Building CXX object ggml/src/ggml-rpc/CMakeFiles/ggml-rpc.dir/ggml-rpc.cpp.o
[176/184] Linking CXX shared library bin/libggml-rpc.so.0.23.0
[177/184] Creating library symlink bin/libggml-rpc.so.0 bin/libggml-rpc.so
[178/184] Building CUDA object ggml/src/ggml-cuda/CMakeFiles/ggml-cuda.dir/template-instances/fattn-vec-instance-bf16-bf16.cu.o
[179/184] Linking CUDA shared library bin/libggml-cuda.so.0.23.0
[180/184] Creating library symlink bin/libggml-cuda.so.0 bin/libggml-cuda.so
[181/184] Linking CXX shared library bin/libggml.so.0.23.0
[182/184] Creating library symlink bin/libggml.so.0 bin/libggml.so
[183/184] Building CXX object tools/rpc/CMakeFiles/ggml-rpc-server.dir/rpc-server.cpp.o
[184/184] Linking CXX executable bin/ggml-rpc-server
